Archive member included to satisfy reference by file (symbol)

/home/oem/Documents/info2/INFO2_2019_R2053/practicas/PRACTICA_1/lib/libCOMPILED_LIBRARY.a(io.o)
                              ./src/INFO2_LIB.o (Relays)
/home/oem/Documents/info2/INFO2_2019_R2053/practicas/PRACTICA_1/lib/libCOMPILED_LIBRARY.a(timer.o)
                              ./src/INFO2_LIB.o (set_timer)
/usr/local/lpcxpresso_8.2.2_650/lpcxpresso/tools/bin/../lib/gcc/arm-none-eabi/5.4.1/../../../../arm-none-eabi/lib/armv7-m/libcr_c.a(__weak__main.o)
                              ./src/cr_startup_lpc175x_6x.o (__main)

Discarded input sections

 .group         0x00000000        0x8 ./src/INFO2_LIB.o
 .group         0x00000000        0x8 ./src/INFO2_LIB.o
 .group         0x00000000        0x8 ./src/INFO2_LIB.o
 .group         0x00000000        0x8 ./src/INFO2_LIB.o
 .group         0x00000000        0x8 ./src/INFO2_LIB.o
 .group         0x00000000        0x8 ./src/INFO2_LIB.o
 .group         0x00000000        0x8 ./src/INFO2_LIB.o
 .group         0x00000000        0x8 ./src/INFO2_LIB.o
 .group         0x00000000        0x8 ./src/INFO2_LIB.o
 .text          0x00000000        0x0 ./src/INFO2_LIB.o
 .data          0x00000000        0x0 ./src/INFO2_LIB.o
 .bss           0x00000000        0x0 ./src/INFO2_LIB.o
 .group         0x00000000        0x8 ./src/cr_startup_lpc175x_6x.o
 .text          0x00000000        0x0 ./src/cr_startup_lpc175x_6x.o
 .data          0x00000000        0x0 ./src/cr_startup_lpc175x_6x.o
 .bss           0x00000000        0x0 ./src/cr_startup_lpc175x_6x.o
 .debug_macro   0x00000000      0x880 ./src/cr_startup_lpc175x_6x.o
 .group         0x00000000        0x8 ./src/crp.o
 .group         0x00000000        0x8 ./src/crp.o
 .text          0x00000000        0x0 ./src/crp.o
 .data          0x00000000        0x0 ./src/crp.o
 .bss           0x00000000        0x0 ./src/crp.o
 .crp           0x00000000        0x4 ./src/crp.o
 .debug_info    0x00000000       0x3f ./src/crp.o
 .debug_abbrev  0x00000000       0x36 ./src/crp.o
 .debug_aranges
                0x00000000       0x18 ./src/crp.o
 .debug_macro   0x00000000       0x1a ./src/crp.o
 .debug_macro   0x00000000      0x880 ./src/crp.o
 .debug_macro   0x00000000       0x34 ./src/crp.o
 .debug_line    0x00000000       0x7c ./src/crp.o
 .debug_str     0x00000000     0x259c ./src/crp.o
 .comment       0x00000000       0x6f ./src/crp.o
 .ARM.attributes
                0x00000000       0x33 ./src/crp.o
 .text          0x00000000        0x0 /home/oem/Documents/info2/INFO2_2019_R2053/practicas/PRACTICA_1/lib/libCOMPILED_LIBRARY.a(io.o)
 .data          0x00000000        0x0 /home/oem/Documents/info2/INFO2_2019_R2053/practicas/PRACTICA_1/lib/libCOMPILED_LIBRARY.a(io.o)
 .bss           0x00000000        0x0 /home/oem/Documents/info2/INFO2_2019_R2053/practicas/PRACTICA_1/lib/libCOMPILED_LIBRARY.a(io.o)
 .text.Led      0x00000000       0x38 /home/oem/Documents/info2/INFO2_2019_R2053/practicas/PRACTICA_1/lib/libCOMPILED_LIBRARY.a(io.o)
 .text.Inic_Test
                0x00000000       0x7c /home/oem/Documents/info2/INFO2_2019_R2053/practicas/PRACTICA_1/lib/libCOMPILED_LIBRARY.a(io.o)
 .text.Inic_Teclado_BB
                0x00000000       0x7c /home/oem/Documents/info2/INFO2_2019_R2053/practicas/PRACTICA_1/lib/libCOMPILED_LIBRARY.a(io.o)
 .text.Inic_Relays
                0x00000000       0x6c /home/oem/Documents/info2/INFO2_2019_R2053/practicas/PRACTICA_1/lib/libCOMPILED_LIBRARY.a(io.o)
 .text.Inic_Leds
                0x00000000       0x40 /home/oem/Documents/info2/INFO2_2019_R2053/practicas/PRACTICA_1/lib/libCOMPILED_LIBRARY.a(io.o)
 .text.Inic_Entradas
                0x00000000       0x58 /home/oem/Documents/info2/INFO2_2019_R2053/practicas/PRACTICA_1/lib/libCOMPILED_LIBRARY.a(io.o)
 .text.Inicializar_io
                0x00000000       0x64 /home/oem/Documents/info2/INFO2_2019_R2053/practicas/PRACTICA_1/lib/libCOMPILED_LIBRARY.a(io.o)
 .text          0x00000000        0x0 /home/oem/Documents/info2/INFO2_2019_R2053/practicas/PRACTICA_1/lib/libCOMPILED_LIBRARY.a(timer.o)
 .data          0x00000000        0x0 /home/oem/Documents/info2/INFO2_2019_R2053/practicas/PRACTICA_1/lib/libCOMPILED_LIBRARY.a(timer.o)
 .bss           0x00000000        0x0 /home/oem/Documents/info2/INFO2_2019_R2053/practicas/PRACTICA_1/lib/libCOMPILED_LIBRARY.a(timer.o)
 .text.InitPLL  0x00000000       0xe4 /home/oem/Documents/info2/INFO2_2019_R2053/practicas/PRACTICA_1/lib/libCOMPILED_LIBRARY.a(timer.o)
 .text.InitTimer
                0x00000000       0x30 /home/oem/Documents/info2/INFO2_2019_R2053/practicas/PRACTICA_1/lib/libCOMPILED_LIBRARY.a(timer.o)
 .text          0x00000000        0x0 /usr/local/lpcxpresso_8.2.2_650/lpcxpresso/tools/bin/../lib/gcc/arm-none-eabi/5.4.1/../../../../arm-none-eabi/lib/armv7-m/libcr_c.a(__weak__main.o)
 .data          0x00000000        0x0 /usr/local/lpcxpresso_8.2.2_650/lpcxpresso/tools/bin/../lib/gcc/arm-none-eabi/5.4.1/../../../../arm-none-eabi/lib/armv7-m/libcr_c.a(__weak__main.o)
 .bss           0x00000000        0x0 /usr/local/lpcxpresso_8.2.2_650/lpcxpresso/tools/bin/../lib/gcc/arm-none-eabi/5.4.1/../../../../arm-none-eabi/lib/armv7-m/libcr_c.a(__weak__main.o)

Memory Configuration

Name             Origin             Length             Attributes
MFlash512        0x00000000         0x00080000         xr
RamLoc32         0x10000000         0x00008000         xrw
RamAHB32         0x2007c000         0x00008000         xrw
*default*        0x00000000         0xffffffff

Linker script and memory map

LOAD ./src/INFO2_LIB.o
LOAD ./src/cr_startup_lpc175x_6x.o
LOAD ./src/crp.o
LOAD /home/oem/Documents/info2/INFO2_2019_R2053/practicas/PRACTICA_1/lib/libCOMPILED_LIBRARY.a
START GROUP
LOAD /usr/local/lpcxpresso_8.2.2_650/lpcxpresso/tools/bin/../lib/gcc/arm-none-eabi/5.4.1/../../../../arm-none-eabi/lib/armv7-m/libcr_c.a
LOAD /usr/local/lpcxpresso_8.2.2_650/lpcxpresso/tools/bin/../lib/gcc/arm-none-eabi/5.4.1/armv7-m/libcr_eabihelpers.a
END GROUP
                0x00000000                __base_MFlash512 = 0x0
                0x00000000                __base_Flash = 0x0
                0x00080000                __top_MFlash512 = 0x80000
                0x00080000                __top_Flash = 0x80000
                0x10000000                __base_RamLoc32 = 0x10000000
                0x10000000                __base_RAM = 0x10000000
                0x10008000                __top_RamLoc32 = 0x10008000
                0x10008000                __top_RAM = 0x10008000
                0x2007c000                __base_RamAHB32 = 0x2007c000
                0x2007c000                __base_RAM2 = 0x2007c000
                0x20084000                __top_RamAHB32 = 0x20084000
                0x20084000                __top_RAM2 = 0x20084000

.text           0x00000000      0x4b8
 FILL mask 0xff
                0x00000000                __vectors_start__ = ABSOLUTE (.)
 *(.isr_vector)
 .isr_vector    0x00000000       0xcc ./src/cr_startup_lpc175x_6x.o
                0x00000000                g_pfnVectors
                0x000000cc                . = ALIGN (0x4)
                0x000000cc                __section_table_start = .
                0x000000cc                __data_section_table = .
                0x000000cc        0x4 LONG 0x4b8 LOADADDR (.data)
                0x000000d0        0x4 LONG 0x10000000 ADDR (.data)
                0x000000d4        0x4 LONG 0x4 SIZEOF (.data)
                0x000000d8        0x4 LONG 0x4b8 LOADADDR (.data_RAM2)
                0x000000dc        0x4 LONG 0x2007c000 ADDR (.data_RAM2)
                0x000000e0        0x4 LONG 0x0 SIZEOF (.data_RAM2)
                0x000000e4                __data_section_table_end = .
                0x000000e4                __bss_section_table = .
                0x000000e4        0x4 LONG 0x10000004 ADDR (.bss)
                0x000000e8        0x4 LONG 0x18 SIZEOF (.bss)
                0x000000ec        0x4 LONG 0x2007c000 ADDR (.bss_RAM2)
                0x000000f0        0x4 LONG 0x0 SIZEOF (.bss_RAM2)
                0x000000f4                __bss_section_table_end = .
                0x000000f4                __section_table_end = .
 *(.after_vectors*)
 .after_vectors
                0x000000f4      0x140 ./src/cr_startup_lpc175x_6x.o
                0x000000f4                data_init
                0x00000138                bss_init
                0x00000170                ResetISR
                0x000001e4                NMI_Handler
                0x000001ec                HardFault_Handler
                0x000001f4                MemManage_Handler
                0x000001fc                BusFault_Handler
                0x00000204                UsageFault_Handler
                0x0000020c                SVC_Handler
                0x00000214                DebugMon_Handler
                0x0000021c                PendSV_Handler
                0x0000022c                TIMER2_IRQHandler
                0x0000022c                RIT_IRQHandler
                0x0000022c                I2C0_IRQHandler
                0x0000022c                USBActivity_IRQHandler
                0x0000022c                PWM1_IRQHandler
                0x0000022c                I2C1_IRQHandler
                0x0000022c                EINT2_IRQHandler
                0x0000022c                UART1_IRQHandler
                0x0000022c                EINT3_IRQHandler
                0x0000022c                CANActivity_IRQHandler
                0x0000022c                TIMER3_IRQHandler
                0x0000022c                UART0_IRQHandler
                0x0000022c                IntDefaultHandler
                0x0000022c                PLL0_IRQHandler
                0x0000022c                CAN_IRQHandler
                0x0000022c                PLL1_IRQHandler
                0x0000022c                SSP0_IRQHandler
                0x0000022c                I2S_IRQHandler
                0x0000022c                I2C2_IRQHandler
                0x0000022c                RTC_IRQHandler
                0x0000022c                TIMER0_IRQHandler
                0x0000022c                SPI_IRQHandler
                0x0000022c                EINT1_IRQHandler
                0x0000022c                TIMER1_IRQHandler
                0x0000022c                UART2_IRQHandler
                0x0000022c                ADC_IRQHandler
                0x0000022c                SSP1_IRQHandler
                0x0000022c                USB_IRQHandler
                0x0000022c                BOD_IRQHandler
                0x0000022c                WDT_IRQHandler
                0x0000022c                QEI_IRQHandler
                0x0000022c                EINT0_IRQHandler
                0x0000022c                DMA_IRQHandler
                0x0000022c                UART3_IRQHandler
                0x0000022c                MCPWM_IRQHandler
                0x0000022c                ENET_IRQHandler
 *(.text*)
 .text.abierto  0x00000234       0x24 ./src/INFO2_LIB.o
                0x00000234                abierto
 .text.cerrado  0x00000258       0x24 ./src/INFO2_LIB.o
                0x00000258                cerrado
 .text.init     0x0000027c       0x14 ./src/INFO2_LIB.o
                0x0000027c                init
 .text.sensor_salida
                0x00000290       0x10 ./src/INFO2_LIB.o
                0x00000290                sensor_salida
 .text.sensor_entrada
                0x000002a0       0x10 ./src/INFO2_LIB.o
                0x000002a0                sensor_entrada
 .text.abriendo
                0x000002b0       0x30 ./src/INFO2_LIB.o
                0x000002b0                abriendo
 .text.cerrando
                0x000002e0       0x30 ./src/INFO2_LIB.o
                0x000002e0                cerrando
 .text.main     0x00000310       0x74 ./src/INFO2_LIB.o
                0x00000310                main
 .text.Relays   0x00000384       0x3c /home/oem/Documents/info2/INFO2_2019_R2053/practicas/PRACTICA_1/lib/libCOMPILED_LIBRARY.a(io.o)
                0x00000384                Relays
 .text.Dig_Inputs
                0x000003c0       0x2c /home/oem/Documents/info2/INFO2_2019_R2053/practicas/PRACTICA_1/lib/libCOMPILED_LIBRARY.a(io.o)
                0x000003c0                Dig_Inputs
 .text.Teclado  0x000003ec       0x54 /home/oem/Documents/info2/INFO2_2019_R2053/practicas/PRACTICA_1/lib/libCOMPILED_LIBRARY.a(io.o)
                0x000003ec                Teclado
 .text.set_timer
                0x00000440       0x18 /home/oem/Documents/info2/INFO2_2019_R2053/practicas/PRACTICA_1/lib/libCOMPILED_LIBRARY.a(timer.o)
                0x00000440                set_timer
 .text.is_timer_end
                0x00000458       0x28 /home/oem/Documents/info2/INFO2_2019_R2053/practicas/PRACTICA_1/lib/libCOMPILED_LIBRARY.a(timer.o)
                0x00000458                is_timer_end
 .text.SysTick_Handler
                0x00000480       0x34 /home/oem/Documents/info2/INFO2_2019_R2053/practicas/PRACTICA_1/lib/libCOMPILED_LIBRARY.a(timer.o)
                0x00000480                SysTick_Handler
 .text.__weak_main
                0x000004b4        0x4 /usr/local/lpcxpresso_8.2.2_650/lpcxpresso/tools/bin/../lib/gcc/arm-none-eabi/5.4.1/../../../../arm-none-eabi/lib/armv7-m/libcr_c.a(__weak__main.o)
                0x000004b4                __main
                0x000004b4                __weak_main
 *(.rodata .rodata.* .constdata .constdata.*)
                0x000004b8                . = ALIGN (0x4)

.glue_7         0x000004b8        0x0
 .glue_7        0x000004b8        0x0 linker stubs

.glue_7t        0x000004b8        0x0
 .glue_7t       0x000004b8        0x0 linker stubs

.vfp11_veneer   0x000004b8        0x0
 .vfp11_veneer  0x000004b8        0x0 linker stubs

.v4_bx          0x000004b8        0x0
 .v4_bx         0x000004b8        0x0 linker stubs

.iplt           0x000004b8        0x0
 .iplt          0x000004b8        0x0 ./src/INFO2_LIB.o

.rel.dyn        0x000004b8        0x0
 .rel.iplt      0x000004b8        0x0 ./src/INFO2_LIB.o

.ARM.extab
 *(.ARM.extab* .gnu.linkonce.armextab.*)
                0x000004b8                __exidx_start = .

.ARM.exidx
 *(.ARM.exidx* .gnu.linkonce.armexidx.*)
                0x000004b8                __exidx_end = .
                0x000004b8                _etext = .

.data_RAM2      0x2007c000        0x0 load address 0x000004b8
 FILL mask 0xff
                [!provide]                PROVIDE (__start_data_RAM2, .)
 *(.ramfunc.$RAM2)
 *(.ramfunc.$RamAHB32)
 *(.data.$RAM2*)
 *(.data.$RamAHB32*)
                0x2007c000                . = ALIGN (0x4)
                [!provide]                PROVIDE (__end_data_RAM2, .)

.uninit_RESERVED
                0x10000000        0x0
 *(.bss.$RESERVED*)
                0x10000000                . = ALIGN (0x4)
                0x10000000                _end_uninit_RESERVED = .

.data           0x10000000        0x4 load address 0x000004b8
 FILL mask 0xff
                0x10000000                _data = .
 *(vtable)
 *(.ramfunc*)
 *(.data*)
 .data.xx.4076  0x10000000        0x4 /home/oem/Documents/info2/INFO2_2019_R2053/practicas/PRACTICA_1/lib/libCOMPILED_LIBRARY.a(timer.o)
                0x10000004                . = ALIGN (0x4)
                0x10000004                _edata = .

.igot.plt       0x10000004        0x0 load address 0x000004bc
 .igot.plt      0x10000004        0x0 ./src/INFO2_LIB.o

.bss_RAM2       0x2007c000        0x0
                [!provide]                PROVIDE (__start_bss_RAM2, .)
 *(.bss.$RAM2*)
 *(.bss.$RamAHB32*)
                0x2007c000                . = ALIGN ((. != 0x0)?0x4:0x1)
                [!provide]                PROVIDE (__end_bss_RAM2, .)

.bss            0x10000004       0x18
                0x10000004                _bss = .
 *(.bss*)
 .bss.MOTOR_ABRIR
                0x10000004        0x1 ./src/INFO2_LIB.o
                0x10000004                MOTOR_ABRIR
 .bss.MOTOR_CERRAR
                0x10000005        0x1 ./src/INFO2_LIB.o
                0x10000005                MOTOR_CERRAR
 .bss.TT_st     0x10000006        0x4 /home/oem/Documents/info2/INFO2_2019_R2053/practicas/PRACTICA_1/lib/libCOMPILED_LIBRARY.a(timer.o)
 *fill*         0x1000000a        0x2 
 .bss.TT        0x1000000c       0x10 /home/oem/Documents/info2/INFO2_2019_R2053/practicas/PRACTICA_1/lib/libCOMPILED_LIBRARY.a(timer.o)
 *(COMMON)
                0x1000001c                . = ALIGN (0x4)
                0x1000001c                _ebss = .
                [!provide]                PROVIDE (end, .)

.noinit_RAM2    0x2007c000        0x0
 *(.noinit.$RAM2*)
 *(.noinit.$RamAHB32*)
                0x2007c000                . = ALIGN (0x4)

.noinit         0x1000001c        0x0
                0x1000001c                _noinit = .
 *(.noinit*)
                0x1000001c                . = ALIGN (0x4)
                0x1000001c                _end_noinit = .
                [!provide]                PROVIDE (_pvHeapStart, DEFINED (__user_heap_base)?__user_heap_base:.)
                0x10008000                PROVIDE (_vStackTop, DEFINED (__user_stack_top)?__user_stack_top:(__top_RamLoc32 - 0x0))
                0xefff74c6                PROVIDE (__valid_user_code_checksum, (0x0 - ((((((_vStackTop + (ResetISR + 0x1)) + (NMI_Handler + 0x1)) + (HardFault_Handler + 0x1)) + (DEFINED (MemManage_Handler)?MemManage_Handler:0x0 + 0x1)) + (DEFINED (BusFault_Handler)?BusFault_Handler:0x0 + 0x1)) + (DEFINED (UsageFault_Handler)?UsageFault_Handler:0x0 + 0x1))))
OUTPUT(PRACTICA_1.axf elf32-littlearm)

.debug_info     0x00000000      0xff7
 .debug_info    0x00000000      0x16d ./src/INFO2_LIB.o
 .debug_info    0x0000016d      0x253 ./src/cr_startup_lpc175x_6x.o
 .debug_info    0x000003c0      0x9c4 /home/oem/Documents/info2/INFO2_2019_R2053/practicas/PRACTICA_1/lib/libCOMPILED_LIBRARY.a(io.o)
 .debug_info    0x00000d84      0x273 /home/oem/Documents/info2/INFO2_2019_R2053/practicas/PRACTICA_1/lib/libCOMPILED_LIBRARY.a(timer.o)

.debug_abbrev   0x00000000      0x4b1
 .debug_abbrev  0x00000000       0xbc ./src/INFO2_LIB.o
 .debug_abbrev  0x000000bc       0xf5 ./src/cr_startup_lpc175x_6x.o
 .debug_abbrev  0x000001b1      0x17d /home/oem/Documents/info2/INFO2_2019_R2053/practicas/PRACTICA_1/lib/libCOMPILED_LIBRARY.a(io.o)
 .debug_abbrev  0x0000032e      0x183 /home/oem/Documents/info2/INFO2_2019_R2053/practicas/PRACTICA_1/lib/libCOMPILED_LIBRARY.a(timer.o)

.debug_aranges  0x00000000      0x180
 .debug_aranges
                0x00000000       0x58 ./src/INFO2_LIB.o
 .debug_aranges
                0x00000058       0x80 ./src/cr_startup_lpc175x_6x.o
 .debug_aranges
                0x000000d8       0x68 /home/oem/Documents/info2/INFO2_2019_R2053/practicas/PRACTICA_1/lib/libCOMPILED_LIBRARY.a(io.o)
 .debug_aranges
                0x00000140       0x40 /home/oem/Documents/info2/INFO2_2019_R2053/practicas/PRACTICA_1/lib/libCOMPILED_LIBRARY.a(timer.o)

.debug_ranges   0x00000000      0x140
 .debug_ranges  0x00000000       0x48 ./src/INFO2_LIB.o
 .debug_ranges  0x00000048       0x70 ./src/cr_startup_lpc175x_6x.o
 .debug_ranges  0x000000b8       0x58 /home/oem/Documents/info2/INFO2_2019_R2053/practicas/PRACTICA_1/lib/libCOMPILED_LIBRARY.a(io.o)
 .debug_ranges  0x00000110       0x30 /home/oem/Documents/info2/INFO2_2019_R2053/practicas/PRACTICA_1/lib/libCOMPILED_LIBRARY.a(timer.o)

.debug_macro    0x00000000     0x1230
 .debug_macro   0x00000000       0xbc ./src/INFO2_LIB.o
 .debug_macro   0x000000bc      0x880 ./src/INFO2_LIB.o
 .debug_macro   0x0000093c       0x82 ./src/INFO2_LIB.o
 .debug_macro   0x000009be       0x10 ./src/INFO2_LIB.o
 .debug_macro   0x000009ce      0x12d ./src/INFO2_LIB.o
 .debug_macro   0x00000afb       0xa0 ./src/INFO2_LIB.o
 .debug_macro   0x00000b9b      0x5b2 ./src/INFO2_LIB.o
 .debug_macro   0x0000114d       0x58 ./src/INFO2_LIB.o
 .debug_macro   0x000011a5       0x1c ./src/INFO2_LIB.o
 .debug_macro   0x000011c1       0x52 ./src/INFO2_LIB.o
 .debug_macro   0x00001213       0x1d ./src/cr_startup_lpc175x_6x.o

.debug_line     0x00000000      0x6bf
 .debug_line    0x00000000      0x2a3 ./src/INFO2_LIB.o
 .debug_line    0x000002a3       0xd4 ./src/cr_startup_lpc175x_6x.o
 .debug_line    0x00000377      0x1bf /home/oem/Documents/info2/INFO2_2019_R2053/practicas/PRACTICA_1/lib/libCOMPILED_LIBRARY.a(io.o)
 .debug_line    0x00000536      0x189 /home/oem/Documents/info2/INFO2_2019_R2053/practicas/PRACTICA_1/lib/libCOMPILED_LIBRARY.a(timer.o)

.debug_str      0x00000000     0x4b92
 .debug_str     0x00000000     0x4517 ./src/INFO2_LIB.o
                               0x45ac (size before relaxing)
 .debug_str     0x00004517      0x1cb ./src/cr_startup_lpc175x_6x.o
                               0x2684 (size before relaxing)
 .debug_str     0x000046e2      0x3f2 /home/oem/Documents/info2/INFO2_2019_R2053/practicas/PRACTICA_1/lib/libCOMPILED_LIBRARY.a(io.o)
                                0x488 (size before relaxing)
 .debug_str     0x00004ad4       0xbe /home/oem/Documents/info2/INFO2_2019_R2053/practicas/PRACTICA_1/lib/libCOMPILED_LIBRARY.a(timer.o)
                                0x271 (size before relaxing)

.comment        0x00000000       0xdc
 .comment       0x00000000       0x6e ./src/INFO2_LIB.o
                                 0x6f (size before relaxing)
 .comment       0x0000006e       0x6f ./src/cr_startup_lpc175x_6x.o
 .comment       0x0000006e       0x6f /home/oem/Documents/info2/INFO2_2019_R2053/practicas/PRACTICA_1/lib/libCOMPILED_LIBRARY.a(io.o)
 .comment       0x0000006e       0x6f /home/oem/Documents/info2/INFO2_2019_R2053/practicas/PRACTICA_1/lib/libCOMPILED_LIBRARY.a(timer.o)
 .comment       0x0000006e       0x6e /usr/local/lpcxpresso_8.2.2_650/lpcxpresso/tools/bin/../lib/gcc/arm-none-eabi/5.4.1/../../../../arm-none-eabi/lib/armv7-m/libcr_c.a(__weak__main.o)
                                 0x6f (size before relaxing)

.ARM.attributes
                0x00000000       0x33
 .ARM.attributes
                0x00000000       0x33 ./src/INFO2_LIB.o
 .ARM.attributes
                0x00000033       0x33 ./src/cr_startup_lpc175x_6x.o
 .ARM.attributes
                0x00000066       0x33 /home/oem/Documents/info2/INFO2_2019_R2053/practicas/PRACTICA_1/lib/libCOMPILED_LIBRARY.a(io.o)
 .ARM.attributes
                0x00000099       0x33 /home/oem/Documents/info2/INFO2_2019_R2053/practicas/PRACTICA_1/lib/libCOMPILED_LIBRARY.a(timer.o)
 .ARM.attributes
                0x000000cc       0x33 /usr/local/lpcxpresso_8.2.2_650/lpcxpresso/tools/bin/../lib/gcc/arm-none-eabi/5.4.1/../../../../arm-none-eabi/lib/armv7-m/libcr_c.a(__weak__main.o)

.debug_frame    0x00000000      0x398
 .debug_frame   0x00000000      0x100 ./src/INFO2_LIB.o
 .debug_frame   0x00000100      0x170 ./src/cr_startup_lpc175x_6x.o
 .debug_frame   0x00000270       0xb8 /home/oem/Documents/info2/INFO2_2019_R2053/practicas/PRACTICA_1/lib/libCOMPILED_LIBRARY.a(io.o)
 .debug_frame   0x00000328       0x70 /home/oem/Documents/info2/INFO2_2019_R2053/practicas/PRACTICA_1/lib/libCOMPILED_LIBRARY.a(timer.o)

.debug_loc      0x00000000      0x297
 .debug_loc     0x00000000      0x231 /home/oem/Documents/info2/INFO2_2019_R2053/practicas/PRACTICA_1/lib/libCOMPILED_LIBRARY.a(io.o)
 .debug_loc     0x00000231       0x66 /home/oem/Documents/info2/INFO2_2019_R2053/practicas/PRACTICA_1/lib/libCOMPILED_LIBRARY.a(timer.o)
